V3 3
FL /home/student/looplicht/looplicht.vhd 2015/10/12.21:09:06 P.20131013
EN work/looplicht 1444677111 FL /home/student/looplicht/looplicht.vhd \
      PB ieee/std_logic_1164 1381692176
AR work/looplicht/Behavioral 1444677112 \
      FL /home/student/looplicht/looplicht.vhd EN work/looplicht 1444677111
